--- ITER 1 ---
curl-getblockcount-failed
curl-getnewaddress-failed
--- ITER 2 ---
{"result":0,"error":null,"id":"rpc"}
{"result":"ievSRgeYZEW1XWLMhnm3nWGbToMsFtNfQe","error":null,"id":"rpc"}
--- ITER 3 ---
{"result":0,"error":null,"id":"rpc"}
{"result":"ikjYnLpbPbA1J1NFmzxdsdDi3a5oL5Wxs2","error":null,"id":"rpc"}
--- ITER 4 ---
{"result":0,"error":null,"id":"rpc"}
{"result":"inUgjR4huc5vv95B39eh9uExKf36a8TXG1","error":null,"id":"rpc"}
--- ITER 5 ---
{"result":0,"error":null,"id":"rpc"}
{"result":"iUKb2TMZcsSGGatiaLkiqMxpaNtQtoZ4G8","error":null,"id":"rpc"}
--- ITER 6 ---
{"result":0,"error":null,"id":"rpc"}
{"result":"iZd1ZfqU8qGntovw6JaQ4Ny4WzdUba8tpx","error":null,"id":"rpc"}
--- ITER 7 ---
{"result":0,"error":null,"id":"rpc"}
{"result":"iafUL53BKtvz9xw9ym3K7M1mTLQhpuVjYS","error":null,"id":"rpc"}
--- ITER 8 ---
{"result":0,"error":null,"id":"rpc"}
{"result":"iUQ4u3fg2PLzL4RfAT5em1BrCeJRYb2YCm","error":null,"id":"rpc"}
--- ITER 9 ---
{"result":0,"error":null,"id":"rpc"}
{"result":"iVRMFPXXMDmKY2e5cASEMoWmMdQxv4FxSo","error":null,"id":"rpc"}
--- ITER 10 ---
{"result":0,"error":null,"id":"rpc"}
{"result":"iV5RL75xWrLaF9AFMJ2vx9tytk5zkGqD9b","error":null,"id":"rpc"}
--- ITER 11 ---
{"result":0,"error":null,"id":"rpc"}
{"result":"imibr2Jw15gC29Q8syJSJvpm7VSKT72iy2","error":null,"id":"rpc"}
--- ITER 12 ---
{"result":0,"error":null,"id":"rpc"}
{"result":"ioSjyPkLmnaAFpxULDXhzcbBfJCH3Wo7zC","error":null,"id":"rpc"}
--- ITER 13 ---
{"result":0,"error":null,"id":"rpc"}
{"result":"ioVqSeaZUobUu8ymKurFB1dSwdBSSKT9mN","error":null,"id":"rpc"}
--- ITER 14 ---
{"result":0,"error":null,"id":"rpc"}
{"result":"iUfBRNqArtShwm9GTayC2SynJDNa1RNsth","error":null,"id":"rpc"}
--- ITER 15 ---
{"result":0,"error":null,"id":"rpc"}
{"result":"imgvy6L6cry7DtUn9hPcGnodvN2ucQhCVu","error":null,"id":"rpc"}
--- ITER 16 ---
{"result":0,"error":null,"id":"rpc"}
{"result":"iZZ13VbAySBhqd753zizP9G8ZggeB7ZYRM","error":null,"id":"rpc"}
--- ITER 17 ---
{"result":0,"error":null,"id":"rpc"}
{"result":"ibayD3XzNd9M2599kYUCFVCDBPAGmzWmHG","error":null,"id":"rpc"}
--- ITER 18 ---
{"result":0,"error":null,"id":"rpc"}
{"result":"iqXsT25zRAQGU7K2EXoqjD8ApQsdC4YWw1","error":null,"id":"rpc"}
--- ITER 19 ---
{"result":0,"error":null,"id":"rpc"}
{"result":"iezSeTTn529jmv37RNksVw1wL8YrzjBdQP","error":null,"id":"rpc"}
--- ITER 20 ---
{"result":0,"error":null,"id":"rpc"}
{"result":"iWB3L5d3wW1q21QAi59oSE4wnNjmdshRWV","error":null,"id":"rpc"}
--- ITER 21 ---
{"result":0,"error":null,"id":"rpc"}
{"result":"ia6WVdcDfjuu7PZ8JERrfxZRx33fLUiY4r","error":null,"id":"rpc"}
--- ITER 22 ---
{"result":0,"error":null,"id":"rpc"}
{"result":"iUNVZC9iXFjvZu9SJb95tB993fRdWAHseN","error":null,"id":"rpc"}
--- ITER 23 ---
{"result":0,"error":null,"id":"rpc"}
{"result":"iWvHwXabZ7Diww9LtjjRpG56Fn1NGqQ9G3","error":null,"id":"rpc"}
--- ITER 24 ---
curl-getblockcount-failed
curl-getnewaddress-failed
--- ITER 25 ---
curl-getblockcount-failed
curl-getnewaddress-failed
--- ITER 26 ---
curl-getblockcount-failed
curl-getnewaddress-failed
--- ITER 27 ---
curl-getblockcount-failed
curl-getnewaddress-failed
--- ITER 28 ---
curl-getblockcount-failed
curl-getnewaddress-failed
--- ITER 29 ---
curl-getblockcount-failed
curl-getnewaddress-failed
--- ITER 30 ---
curl-getblockcount-failed
curl-getnewaddress-failed
--- ITER 31 ---
curl-getblockcount-failed
curl-getnewaddress-failed
--- ITER 32 ---
curl-getblockcount-failed
curl-getnewaddress-failed
--- ITER 33 ---
curl-getblockcount-failed
curl-getnewaddress-failed
--- ITER 34 ---
curl-getblockcount-failed
curl-getnewaddress-failed
--- ITER 35 ---
curl-getblockcount-failed
curl-getnewaddress-failed
--- ITER 36 ---
curl-getblockcount-failed
curl-getnewaddress-failed
--- ITER 37 ---
curl-getblockcount-failed
curl-getnewaddress-failed
--- ITER 38 ---
curl-getblockcount-failed
curl-getnewaddress-failed
--- ITER 39 ---
curl-getblockcount-failed
curl-getnewaddress-failed
--- ITER 40 ---
curl-getblockcount-failed
curl-getnewaddress-failed
--- ITER 41 ---
curl-getblockcount-failed
curl-getnewaddress-failed
--- ITER 42 ---
curl-getblockcount-failed
curl-getnewaddress-failed
--- ITER 43 ---
curl-getblockcount-failed
curl-getnewaddress-failed
--- ITER 44 ---
curl-getblockcount-failed
curl-getnewaddress-failed
--- ITER 45 ---
curl-getblockcount-failed
curl-getnewaddress-failed
--- ITER 46 ---
curl-getblockcount-failed
curl-getnewaddress-failed
--- ITER 47 ---
curl-getblockcount-failed
curl-getnewaddress-failed
--- ITER 48 ---
curl-getblockcount-failed
curl-getnewaddress-failed
--- ITER 49 ---
curl-getblockcount-failed
curl-getnewaddress-failed
--- ITER 50 ---
curl-getblockcount-failed
curl-getnewaddress-failed
